// Jest Snapshot v1, https://goo.gl/fbAQLP

exports[`PrivateRoute should render correctly without props 1`] = `
<Route
  render={[Function]}
/>
`;
